2026-07-30 02:40:51,831 - EnOrdenMigraciones - INFO - Migraciones ejecutadas: 0 pendientes
2026-07-30 02:40:51,832 - StartupManager - INFO - ==================================================
2026-07-30 02:40:51,832 - StartupManager - INFO -   ENORDEN - INICIANDO SISTEMA
2026-07-30 02:40:51,832 - StartupManager - INFO - ==================================================
2026-07-30 02:40:51,833 - StartupManager - INFO - ✓ Scheduler de backups iniciado
2026-07-30 02:40:52,005 - EnOrdenTelegramBot - INFO - Iniciando EnOrden Telegram Bot...
2026-07-30 02:40:52,006 - StartupManager - INFO - ✓ Telegram iniciado (Admin ID: 8075878540)
2026-07-30 02:40:52,006 - StartupManager - INFO - ✓ Sistema listo
2026-07-30 02:40:52,006 - StartupManager - INFO - ==================================================
C:\Users\Denis Casique\Documents\OPENCODE\enorden_app\tecnosport_app\telegram_bot.py:1548: PTBUserWarning: If 'per_message=False', 'CallbackQueryHandler' will not be tracked for every message. Read this FAQ entry to learn more about the per_* settings: https://github.com/python-telegram-bot/python-telegram-bot/wiki/Frequently-Asked-Questions#what-do-the-per_-settings-in-conversationhandler-do.
  abono_conv = ConversationHandler(
C:\Users\Denis Casique\Documents\OPENCODE\enorden_app\tecnosport_app\telegram_bot.py:1565: PTBUserWarning: If 'per_message=False', 'CallbackQueryHandler' will not be tracked for every message. Read this FAQ entry to learn more about the per_* settings: https://github.com/python-telegram-bot/python-telegram-bot/wiki/Frequently-Asked-Questions#what-do-the-per_-settings-in-conversationhandler-do.
  prestamo_conv = ConversationHandler(
C:\Users\Denis Casique\Documents\OPENCODE\enorden_app\tecnosport_app\telegram_bot.py:1582: PTBUserWarning: If 'per_message=False', 'CallbackQueryHandler' will not be tracked for every message. Read this FAQ entry to learn more about the per_* settings: https://github.com/python-telegram-bot/python-telegram-bot/wiki/Frequently-Asked-Questions#what-do-the-per_-settings-in-conversationhandler-do.
  gasto_conv = ConversationHandler(
2026-07-30 02:40:52,380 - EnOrdenTelegramBot - INFO - Bot en línea listo para recibir mensajes. Administrador ID: 8075878540

Process running (PID 5340)
2026-07-30 02:40:52,948 - httpx - INFO - HTTP Request: POST https://api.telegram.org/bot8818088088:AAHOtPJYqsMGXBxU6LRh5jpRA22D8kFvSYg/getMe "HTTP/1.1 200 OK"
2026-07-30 02:40:53,109 - httpx - INFO - HTTP Request: POST https://api.telegram.org/bot8818088088:AAHOtPJYqsMGXBxU6LRh5jpRA22D8kFvSYg/deleteWebhook "HTTP/1.1 200 OK"
2026-07-30 02:40:53,113 - telegram.ext.Application - INFO - Application started
2026-07-30 02:41:03,614 - httpx - INFO - HTTP Request: POST https://api.telegram.org/bot8818088088:AAHOtPJYqsMGXBxU6LRh5jpRA22D8kFvSYg/getUpdates "HTTP/1.1 200 OK"
2026-07-30 02:41:13,791 - httpx - INFO - HTTP Request: POST https://api.telegram.org/bot8818088088:AAHOtPJYqsMGXBxU6LRh5jpRA22D8kFvSYg/getUpdates "HTTP/1.1 200 OK"
2026-07-30 02:41:23,962 - httpx - INFO - HTTP Request: POST https://api.telegram.org/bot8818088088:AAHOtPJYqsMGXBxU6LRh5jpRA22D8kFvSYg/getUpdates "HTTP/1.1 200 OK"
2026-07-30 02:41:34,140 - httpx - INFO - HTTP Request: POST https://api.telegram.org/bot8818088088:AAHOtPJYqsMGXBxU6LRh5jpRA22D8kFvSYg/getUpdates "HTTP/1.1 200 OK"
2026-07-30 02:41:44,314 - httpx - INFO - HTTP Request: POST https://api.telegram.org/bot8818088088:AAHOtPJYqsMGXBxU6LRh5jpRA22D8kFvSYg/getUpdates "HTTP/1.1 200 OK"
2026-07-30 02:41:54,507 - httpx - INFO - HTTP Request: POST https://api.telegram.org/bot8818088088:AAHOtPJYqsMGXBxU6LRh5jpRA22D8kFvSYg/getUpdates "HTTP/1.1 200 OK"
2026-07-30 02:42:04,681 - httpx - INFO - HTTP Request: POST https://api.telegram.org/bot8818088088:AAHOtPJYqsMGXBxU6LRh5jpRA22D8kFvSYg/getUpdates "HTTP/1.1 200 OK"
2026-07-30 02:42:14,856 - httpx - INFO - HTTP Request: POST https://api.telegram.org/bot8818088088:AAHOtPJYqsMGXBxU6LRh5jpRA22D8kFvSYg/getUpdates "HTTP/1.1 200 OK"
2026-07-30 02:42:25,029 - httpx - INFO - HTTP Request: POST https://api.telegram.org/bot8818088088:AAHOtPJYqsMGXBxU6LRh5jpRA22D8kFvSYg/getUpdates "HTTP/1.1 200 OK"
2026-07-30 02:42:35,231 - httpx - INFO - HTTP Request: POST https://api.telegram.org/bot8818088088:AAHOtPJYqsMGXBxU6LRh5jpRA22D8kFvSYg/getUpdates "HTTP/1.1 200 OK"
2026-07-30 02:42:45,404 - httpx - INFO - HTTP Request: POST https://api.telegram.org/bot8818088088:AAHOtPJYqsMGXBxU6LRh5jpRA22D8kFvSYg/getUpdates "HTTP/1.1 200 OK"
2026-07-30 02:42:55,593 - httpx - INFO - HTTP Request: POST https://api.telegram.org/bot8818088088:AAHOtPJYqsMGXBxU6LRh5jpRA22D8kFvSYg/getUpdates "HTTP/1.1 200 OK"
2026-07-30 02:43:05,768 - httpx - INFO - HTTP Request: POST https://api.telegram.org/bot8818088088:AAHOtPJYqsMGXBxU6LRh5jpRA22D8kFvSYg/getUpdates "HTTP/1.1 200 OK"
2026-07-30 02:43:15,940 - httpx - INFO - HTTP Request: POST https://api.telegram.org/bot8818088088:AAHOtPJYqsMGXBxU6LRh5jpRA22D8kFvSYg/getUpdates "HTTP/1.1 200 OK"
2026-07-30 02:43:26,105 - httpx - INFO - HTTP Request: POST https://api.telegram.org/bot8818088088:AAHOtPJYqsMGXBxU6LRh5jpRA22D8kFvSYg/getUpdates "HTTP/1.1 200 OK"
2026-07-30 02:43:36,296 - httpx - INFO - HTTP Request: POST https://api.telegram.org/bot8818088088:AAHOtPJYqsMGXBxU6LRh5jpRA22D8kFvSYg/getUpdates "HTTP/1.1 200 OK"
2026-07-30 02:43:46,476 - httpx - INFO - HTTP Request: POST https://api.telegram.org/bot8818088088:AAHOtPJYqsMGXBxU6LRh5jpRA22D8kFvSYg/getUpdates "HTTP/1.1 200 OK"
2026-07-30 02:43:56,642 - httpx - INFO - HTTP Request: POST https://api.telegram.org/bot8818088088:AAHOtPJYqsMGXBxU6LRh5jpRA22D8kFvSYg/getUpdates "HTTP/1.1 200 OK"
2026-07-30 02:44:06,817 - httpx - INFO - HTTP Request: POST https://api.telegram.org/bot8818088088:AAHOtPJYqsMGXBxU6LRh5jpRA22D8kFvSYg/getUpdates "HTTP/1.1 200 OK"
2026-07-30 02:44:17,039 - httpx - INFO - HTTP Request: POST https://api.telegram.org/bot8818088088:AAHOtPJYqsMGXBxU6LRh5jpRA22D8kFvSYg/getUpdates "HTTP/1.1 200 OK"
2026-07-30 02:44:27,208 - httpx - INFO - HTTP Request: POST https://api.telegram.org/bot8818088088:AAHOtPJYqsMGXBxU6LRh5jpRA22D8kFvSYg/getUpdates "HTTP/1.1 200 OK"
2026-07-30 02:44:37,427 - httpx - INFO - HTTP Request: POST https://api.telegram.org/bot8818088088:AAHOtPJYqsMGXBxU6LRh5jpRA22D8kFvSYg/getUpdates "HTTP/1.1 200 OK"
2026-07-30 02:44:47,602 - httpx - INFO - HTTP Request: POST https://api.telegram.org/bot8818088088:AAHOtPJYqsMGXBxU6LRh5jpRA22D8kFvSYg/getUpdates "HTTP/1.1 200 OK"
2026-07-30 02:44:57,776 - httpx - INFO - HTTP Request: POST https://api.telegram.org/bot8818088088:AAHOtPJYqsMGXBxU6LRh5jpRA22D8kFvSYg/getUpdates "HTTP/1.1 200 OK"
2026-07-30 02:45:07,986 - httpx - INFO - HTTP Request: POST https://api.telegram.org/bot8818088088:AAHOtPJYqsMGXBxU6LRh5jpRA22D8kFvSYg/getUpdates "HTTP/1.1 200 OK"
2026-07-30 02:45:18,159 - httpx - INFO - HTTP Request: POST https://api.telegram.org/bot8818088088:AAHOtPJYqsMGXBxU6LRh5jpRA22D8kFvSYg/getUpdates "HTTP/1.1 200 OK"
2026-07-30 02:45:28,332 - httpx - INFO - HTTP Request: POST https://api.telegram.org/bot8818088088:AAHOtPJYqsMGXBxU6LRh5jpRA22D8kFvSYg/getUpdates "HTTP/1.1 200 OK"
2026-07-30 02:45:38,504 - httpx - INFO - HTTP Request: POST https://api.telegram.org/bot8818088088:AAHOtPJYqsMGXBxU6LRh5jpRA22D8kFvSYg/getUpdates "HTTP/1.1 200 OK"
2026-07-30 02:45:48,673 - httpx - INFO - HTTP Request: POST https://api.telegram.org/bot8818088088:AAHOtPJYqsMGXBxU6LRh5jpRA22D8kFvSYg/getUpdates "HTTP/1.1 200 OK"
2026-07-30 02:45:58,872 - httpx - INFO - HTTP Request: POST https://api.telegram.org/bot8818088088:AAHOtPJYqsMGXBxU6LRh5jpRA22D8kFvSYg/getUpdates "HTTP/1.1 200 OK"
2026-07-30 02:46:09,044 - httpx - INFO - HTTP Request: POST https://api.telegram.org/bot8818088088:AAHOtPJYqsMGXBxU6LRh5jpRA22D8kFvSYg/getUpdates "HTTP/1.1 200 OK"
2026-07-30 02:46:19,217 - httpx - INFO - HTTP Request: POST https://api.telegram.org/bot8818088088:AAHOtPJYqsMGXBxU6LRh5jpRA22D8kFvSYg/getUpdates "HTTP/1.1 200 OK"
2026-07-30 02:46:29,418 - httpx - INFO - HTTP Request: POST https://api.telegram.org/bot8818088088:AAHOtPJYqsMGXBxU6LRh5jpRA22D8kFvSYg/getUpdates "HTTP/1.1 200 OK"
2026-07-30 02:46:39,588 - httpx - INFO - HTTP Request: POST https://api.telegram.org/bot8818088088:AAHOtPJYqsMGXBxU6LRh5jpRA22D8kFvSYg/getUpdates "HTTP/1.1 200 OK"
2026-07-30 02:46:49,760 - httpx - INFO - HTTP Request: POST https://api.telegram.org/bot8818088088:AAHOtPJYqsMGXBxU6LRh5jpRA22D8kFvSYg/getUpdates "HTTP/1.1 200 OK"
2026-07-30 02:46:59,938 - httpx - INFO - HTTP Request: POST https://api.telegram.org/bot8818088088:AAHOtPJYqsMGXBxU6LRh5jpRA22D8kFvSYg/getUpdates "HTTP/1.1 200 OK"
2026-07-30 02:47:10,112 - httpx - INFO - HTTP Request: POST https://api.telegram.org/bot8818088088:AAHOtPJYqsMGXBxU6LRh5jpRA22D8kFvSYg/getUpdates "HTTP/1.1 200 OK"
2026-07-30 02:47:20,286 - httpx - INFO - HTTP Request: POST https://api.telegram.org/bot8818088088:AAHOtPJYqsMGXBxU6LRh5jpRA22D8kFvSYg/getUpdates "HTTP/1.1 200 OK"
2026-07-30 02:47:30,458 - httpx - INFO - HTTP Request: POST https://api.telegram.org/bot8818088088:AAHOtPJYqsMGXBxU6LRh5jpRA22D8kFvSYg/getUpdates "HTTP/1.1 200 OK"
2026-07-30 02:47:40,631 - httpx - INFO - HTTP Request: POST https://api.telegram.org/bot8818088088:AAHOtPJYqsMGXBxU6LRh5jpRA22D8kFvSYg/getUpdates "HTTP/1.1 200 OK"
2026-07-30 02:47:50,828 - httpx - INFO - HTTP Request: POST https://api.telegram.org/bot8818088088:AAHOtPJYqsMGXBxU6LRh5jpRA22D8kFvSYg/getUpdates "HTTP/1.1 200 OK"
2026-07-30 02:48:00,990 - httpx - INFO - HTTP Request: POST https://api.telegram.org/bot8818088088:AAHOtPJYqsMGXBxU6LRh5jpRA22D8kFvSYg/getUpdates "HTTP/1.1 200 OK"
2026-07-30 02:48:10,419 - EnOrdenWhatsApp - INFO - [WA no configurado] Mensaje no enviado a 3175235258: 🔄 *DEVOLUCIÓN REGISTRADA* - EnOrden

Hola MANUELA,

Se ha re...
2026-07-30 02:48:11,173 - httpx - INFO - HTTP Request: POST https://api.telegram.org/bot8818088088:AAHOtPJYqsMGXBxU6LRh5jpRA22D8kFvSYg/getUpdates "HTTP/1.1 200 OK"
2026-07-30 02:48:15,162 - EnOrdenWhatsApp - INFO - [WA no configurado] Mensaje no enviado a 3226917068: 🔄 *DEVOLUCIÓN A PROVEEDOR* - EnOrden

Hola DENIS CASIQUE,

S...
2026-07-30 02:48:21,365 - httpx - INFO - HTTP Request: POST https://api.telegram.org/bot8818088088:AAHOtPJYqsMGXBxU6LRh5jpRA22D8kFvSYg/getUpdates "HTTP/1.1 200 OK"
2026-07-30 02:48:31,555 - httpx - INFO - HTTP Request: POST https://api.telegram.org/bot8818088088:AAHOtPJYqsMGXBxU6LRh5jpRA22D8kFvSYg/getUpdates "HTTP/1.1 200 OK"
2026-07-30 02:48:41,726 - httpx - INFO - HTTP Request: POST https://api.telegram.org/bot8818088088:AAHOtPJYqsMGXBxU6LRh5jpRA22D8kFvSYg/getUpdates "HTTP/1.1 200 OK"
2026-07-30 02:48:51,900 - httpx - INFO - HTTP Request: POST https://api.telegram.org/bot8818088088:AAHOtPJYqsMGXBxU6LRh5jpRA22D8kFvSYg/getUpdates "HTTP/1.1 200 OK"
2026-07-30 02:49:02,071 - httpx - INFO - HTTP Request: POST https://api.telegram.org/bot8818088088:AAHOtPJYqsMGXBxU6LRh5jpRA22D8kFvSYg/getUpdates "HTTP/1.1 200 OK"
2026-07-30 02:49:12,242 - httpx - INFO - HTTP Request: POST https://api.telegram.org/bot8818088088:AAHOtPJYqsMGXBxU6LRh5jpRA22D8kFvSYg/getUpdates "HTTP/1.1 200 OK"
2026-07-30 02:49:22,408 - httpx - INFO - HTTP Request: POST https://api.telegram.org/bot8818088088:AAHOtPJYqsMGXBxU6LRh5jpRA22D8kFvSYg/getUpdates "HTTP/1.1 200 OK"
2026-07-30 02:49:32,574 - httpx - INFO - HTTP Request: POST https://api.telegram.org/bot8818088088:AAHOtPJYqsMGXBxU6LRh5jpRA22D8kFvSYg/getUpdates "HTTP/1.1 200 OK"
2026-07-30 02:49:42,792 - httpx - INFO - HTTP Request: POST https://api.telegram.org/bot8818088088:AAHOtPJYqsMGXBxU6LRh5jpRA22D8kFvSYg/getUpdates "HTTP/1.1 200 OK"
2026-07-30 02:49:52,960 - httpx - INFO - HTTP Request: POST https://api.telegram.org/bot8818088088:AAHOtPJYqsMGXBxU6LRh5jpRA22D8kFvSYg/getUpdates "HTTP/1.1 200 OK"
2026-07-30 02:50:03,132 - httpx - INFO - HTTP Request: POST https://api.telegram.org/bot8818088088:AAHOtPJYqsMGXBxU6LRh5jpRA22D8kFvSYg/getUpdates "HTTP/1.1 200 OK"
2026-07-30 02:50:13,349 - httpx - INFO - HTTP Request: POST https://api.telegram.org/bot8818088088:AAHOtPJYqsMGXBxU6LRh5jpRA22D8kFvSYg/getUpdates "HTTP/1.1 200 OK"
2026-07-30 02:50:23,523 - httpx - INFO - HTTP Request: POST https://api.telegram.org/bot8818088088:AAHOtPJYqsMGXBxU6LRh5jpRA22D8kFvSYg/getUpdates "HTTP/1.1 200 OK"
2026-07-30 02:50:33,695 - httpx - INFO - HTTP Request: POST https://api.telegram.org/bot8818088088:AAHOtPJYqsMGXBxU6LRh5jpRA22D8kFvSYg/getUpdates "HTTP/1.1 200 OK"
2026-07-30 02:50:43,885 - httpx - INFO - HTTP Request: POST https://api.telegram.org/bot8818088088:AAHOtPJYqsMGXBxU6LRh5jpRA22D8kFvSYg/getUpdates "HTTP/1.1 200 OK"
2026-07-30 02:50:54,058 - httpx - INFO - HTTP Request: POST https://api.telegram.org/bot8818088088:AAHOtPJYqsMGXBxU6LRh5jpRA22D8kFvSYg/getUpdates "HTTP/1.1 200 OK"
2026-07-30 02:51:04,231 - httpx - INFO - HTTP Request: POST https://api.telegram.org/bot8818088088:AAHOtPJYqsMGXBxU6LRh5jpRA22D8kFvSYg/getUpdates "HTTP/1.1 200 OK"
2026-07-30 02:51:14,404 - httpx - INFO - HTTP Request: POST https://api.telegram.org/bot8818088088:AAHOtPJYqsMGXBxU6LRh5jpRA22D8kFvSYg/getUpdates "HTTP/1.1 200 OK"
2026-07-30 02:51:24,587 - httpx - INFO - HTTP Request: POST https://api.telegram.org/bot8818088088:AAHOtPJYqsMGXBxU6LRh5jpRA22D8kFvSYg/getUpdates "HTTP/1.1 200 OK"
2026-07-30 02:51:34,759 - httpx - INFO - HTTP Request: POST https://api.telegram.org/bot8818088088:AAHOtPJYqsMGXBxU6LRh5jpRA22D8kFvSYg/getUpdates "HTTP/1.1 200 OK"
2026-07-30 02:51:44,935 - httpx - INFO - HTTP Request: POST https://api.telegram.org/bot8818088088:AAHOtPJYqsMGXBxU6LRh5jpRA22D8kFvSYg/getUpdates "HTTP/1.1 200 OK"
2026-07-30 02:51:55,107 - httpx - INFO - HTTP Request: POST https://api.telegram.org/bot8818088088:AAHOtPJYqsMGXBxU6LRh5jpRA22D8kFvSYg/getUpdates "HTTP/1.1 200 OK"
2026-07-30 02:52:05,280 - httpx - INFO - HTTP Request: POST https://api.telegram.org/bot8818088088:AAHOtPJYqsMGXBxU6LRh5jpRA22D8kFvSYg/getUpdates "HTTP/1.1 200 OK"
2026-07-30 02:52:15,470 - httpx - INFO - HTTP Request: POST https://api.telegram.org/bot8818088088:AAHOtPJYqsMGXBxU6LRh5jpRA22D8kFvSYg/getUpdates "HTTP/1.1 200 OK"
2026-07-30 02:52:25,639 - httpx - INFO - HTTP Request: POST https://api.telegram.org/bot8818088088:AAHOtPJYqsMGXBxU6LRh5jpRA22D8kFvSYg/getUpdates "HTTP/1.1 200 OK"
2026-07-30 02:52:35,796 - httpx - INFO - HTTP Request: POST https://api.telegram.org/bot8818088088:AAHOtPJYqsMGXBxU6LRh5jpRA22D8kFvSYg/getUpdates "HTTP/1.1 200 OK"
2026-07-30 02:52:45,984 - httpx - INFO - HTTP Request: POST https://api.telegram.org/bot8818088088:AAHOtPJYqsMGXBxU6LRh5jpRA22D8kFvSYg/getUpdates "HTTP/1.1 200 OK"
2026-07-30 02:52:56,156 - httpx - INFO - HTTP Request: POST https://api.telegram.org/bot8818088088:AAHOtPJYqsMGXBxU6LRh5jpRA22D8kFvSYg/getUpdates "HTTP/1.1 200 OK"
2026-07-30 02:53:06,328 - httpx - INFO - HTTP Request: POST https://api.telegram.org/bot8818088088:AAHOtPJYqsMGXBxU6LRh5jpRA22D8kFvSYg/getUpdates "HTTP/1.1 200 OK"
2026-07-30 02:53:16,500 - httpx - INFO - HTTP Request: POST https://api.telegram.org/bot8818088088:AAHOtPJYqsMGXBxU6LRh5jpRA22D8kFvSYg/getUpdates "HTTP/1.1 200 OK"
2026-07-30 02:53:26,673 - httpx - INFO - HTTP Request: POST https://api.telegram.org/bot8818088088:AAHOtPJYqsMGXBxU6LRh5jpRA22D8kFvSYg/getUpdates "HTTP/1.1 200 OK"
2026-07-30 02:53:36,858 - httpx - INFO - HTTP Request: POST https://api.telegram.org/bot8818088088:AAHOtPJYqsMGXBxU6LRh5jpRA22D8kFvSYg/getUpdates "HTTP/1.1 200 OK"
2026-07-30 02:53:47,042 - httpx - INFO - HTTP Request: POST https://api.telegram.org/bot8818088088:AAHOtPJYqsMGXBxU6LRh5jpRA22D8kFvSYg/getUpdates "HTTP/1.1 200 OK"
2026-07-30 02:53:57,234 - httpx - INFO - HTTP Request: POST https://api.telegram.org/bot8818088088:AAHOtPJYqsMGXBxU6LRh5jpRA22D8kFvSYg/getUpdates "HTTP/1.1 200 OK"
2026-07-30 02:54:07,417 - httpx - INFO - HTTP Request: POST https://api.telegram.org/bot8818088088:AAHOtPJYqsMGXBxU6LRh5jpRA22D8kFvSYg/getUpdates "HTTP/1.1 200 OK"
2026-07-30 02:54:17,587 - httpx - INFO - HTTP Request: POST https://api.telegram.org/bot8818088088:AAHOtPJYqsMGXBxU6LRh5jpRA22D8kFvSYg/getUpdates "HTTP/1.1 200 OK"
2026-07-30 02:54:27,774 - httpx - INFO - HTTP Request: POST https://api.telegram.org/bot8818088088:AAHOtPJYqsMGXBxU6LRh5jpRA22D8kFvSYg/getUpdates "HTTP/1.1 200 OK"
2026-07-30 02:54:37,963 - httpx - INFO - HTTP Request: POST https://api.telegram.org/bot8818088088:AAHOtPJYqsMGXBxU6LRh5jpRA22D8kFvSYg/getUpdates "HTTP/1.1 200 OK"
2026-07-30 02:54:48,136 - httpx - INFO - HTTP Request: POST https://api.telegram.org/bot8818088088:AAHOtPJYqsMGXBxU6LRh5jpRA22D8kFvSYg/getUpdates "HTTP/1.1 200 OK"
2026-07-30 02:54:58,307 - httpx - INFO - HTTP Request: POST https://api.telegram.org/bot8818088088:AAHOtPJYqsMGXBxU6LRh5jpRA22D8kFvSYg/getUpdates "HTTP/1.1 200 OK"
2026-07-30 02:55:08,479 - httpx - INFO - HTTP Request: POST https://api.telegram.org/bot8818088088:AAHOtPJYqsMGXBxU6LRh5jpRA22D8kFvSYg/getUpdates "HTTP/1.1 200 OK"
2026-07-30 02:55:18,651 - httpx - INFO - HTTP Request: POST https://api.telegram.org/bot8818088088:AAHOtPJYqsMGXBxU6LRh5jpRA22D8kFvSYg/getUpdates "HTTP/1.1 200 OK"
2026-07-30 02:55:28,827 - httpx - INFO - HTTP Request: POST https://api.telegram.org/bot8818088088:AAHOtPJYqsMGXBxU6LRh5jpRA22D8kFvSYg/getUpdates "HTTP/1.1 200 OK"
2026-07-30 02:55:38,997 - httpx - INFO - HTTP Request: POST https://api.telegram.org/bot8818088088:AAHOtPJYqsMGXBxU6LRh5jpRA22D8kFvSYg/getUpdates "HTTP/1.1 200 OK"
2026-07-30 02:55:49,167 - httpx - INFO - HTTP Request: POST https://api.telegram.org/bot8818088088:AAHOtPJYqsMGXBxU6LRh5jpRA22D8kFvSYg/getUpdates "HTTP/1.1 200 OK"
2026-07-30 02:55:59,335 - httpx - INFO - HTTP Request: POST https://api.telegram.org/bot8818088088:AAHOtPJYqsMGXBxU6LRh5jpRA22D8kFvSYg/getUpdates "HTTP/1.1 200 OK"
2026-07-30 02:56:09,527 - httpx - INFO - HTTP Request: POST https://api.telegram.org/bot8818088088:AAHOtPJYqsMGXBxU6LRh5jpRA22D8kFvSYg/getUpdates "HTTP/1.1 200 OK"
2026-07-30 02:56:19,715 - httpx - INFO - HTTP Request: POST https://api.telegram.org/bot8818088088:AAHOtPJYqsMGXBxU6LRh5jpRA22D8kFvSYg/getUpdates "HTTP/1.1 200 OK"
2026-07-30 02:56:29,885 - httpx - INFO - HTTP Request: POST https://api.telegram.org/bot8818088088:AAHOtPJYqsMGXBxU6LRh5jpRA22D8kFvSYg/getUpdates "HTTP/1.1 200 OK"
2026-07-30 02:56:40,047 - httpx - INFO - HTTP Request: POST https://api.telegram.org/bot8818088088:AAHOtPJYqsMGXBxU6LRh5jpRA22D8kFvSYg/getUpdates "HTTP/1.1 200 OK"
2026-07-30 02:56:50,274 - httpx - INFO - HTTP Request: POST https://api.telegram.org/bot8818088088:AAHOtPJYqsMGXBxU6LRh5jpRA22D8kFvSYg/getUpdates "HTTP/1.1 200 OK"
2026-07-30 02:57:00,447 - httpx - INFO - HTTP Request: POST https://api.telegram.org/bot8818088088:AAHOtPJYqsMGXBxU6LRh5jpRA22D8kFvSYg/getUpdates "HTTP/1.1 200 OK"
2026-07-30 02:57:10,617 - httpx - INFO - HTTP Request: POST https://api.telegram.org/bot8818088088:AAHOtPJYqsMGXBxU6LRh5jpRA22D8kFvSYg/getUpdates "HTTP/1.1 200 OK"
2026-07-30 02:57:20,814 - httpx - INFO - HTTP Request: POST https://api.telegram.org/bot8818088088:AAHOtPJYqsMGXBxU6LRh5jpRA22D8kFvSYg/getUpdates "HTTP/1.1 200 OK"
2026-07-30 02:57:30,987 - httpx - INFO - HTTP Request: POST https://api.telegram.org/bot8818088088:AAHOtPJYqsMGXBxU6LRh5jpRA22D8kFvSYg/getUpdates "HTTP/1.1 200 OK"
2026-07-30 02:57:41,159 - httpx - INFO - HTTP Request: POST https://api.telegram.org/bot8818088088:AAHOtPJYqsMGXBxU6LRh5jpRA22D8kFvSYg/getUpdates "HTTP/1.1 200 OK"
2026-07-30 02:57:51,329 - httpx - INFO - HTTP Request: POST https://api.telegram.org/bot8818088088:AAHOtPJYqsMGXBxU6LRh5jpRA22D8kFvSYg/getUpdates "HTTP/1.1 200 OK"
2026-07-30 02:58:01,518 - httpx - INFO - HTTP Request: POST https://api.telegram.org/bot8818088088:AAHOtPJYqsMGXBxU6LRh5jpRA22D8kFvSYg/getUpdates "HTTP/1.1 200 OK"
2026-07-30 02:58:11,694 - httpx - INFO - HTTP Request: POST https://api.telegram.org/bot8818088088:AAHOtPJYqsMGXBxU6LRh5jpRA22D8kFvSYg/getUpdates "HTTP/1.1 200 OK"
2026-07-30 02:58:21,861 - httpx - INFO - HTTP Request: POST https://api.telegram.org/bot8818088088:AAHOtPJYqsMGXBxU6LRh5jpRA22D8kFvSYg/getUpdates "HTTP/1.1 200 OK"
2026-07-30 02:58:32,027 - httpx - INFO - HTTP Request: POST https://api.telegram.org/bot8818088088:AAHOtPJYqsMGXBxU6LRh5jpRA22D8kFvSYg/getUpdates "HTTP/1.1 200 OK"
2026-07-30 02:58:42,197 - httpx - INFO - HTTP Request: POST https://api.telegram.org/bot8818088088:AAHOtPJYqsMGXBxU6LRh5jpRA22D8kFvSYg/getUpdates "HTTP/1.1 200 OK"
2026-07-30 02:58:52,382 - httpx - INFO - HTTP Request: POST https://api.telegram.org/bot8818088088:AAHOtPJYqsMGXBxU6LRh5jpRA22D8kFvSYg/getUpdates "HTTP/1.1 200 OK"
2026-07-30 02:59:02,562 - httpx - INFO - HTTP Request: POST https://api.telegram.org/bot8818088088:AAHOtPJYqsMGXBxU6LRh5jpRA22D8kFvSYg/getUpdates "HTTP/1.1 200 OK"
2026-07-30 02:59:12,737 - httpx - INFO - HTTP Request: POST https://api.telegram.org/bot8818088088:AAHOtPJYqsMGXBxU6LRh5jpRA22D8kFvSYg/getUpdates "HTTP/1.1 200 OK"
2026-07-30 02:59:22,898 - httpx - INFO - HTTP Request: POST https://api.telegram.org/bot8818088088:AAHOtPJYqsMGXBxU6LRh5jpRA22D8kFvSYg/getUpdates "HTTP/1.1 200 OK"
2026-07-30 02:59:33,080 - httpx - INFO - HTTP Request: POST https://api.telegram.org/bot8818088088:AAHOtPJYqsMGXBxU6LRh5jpRA22D8kFvSYg/getUpdates "HTTP/1.1 200 OK"
2026-07-30 02:59:43,245 - httpx - INFO - HTTP Request: POST https://api.telegram.org/bot8818088088:AAHOtPJYqsMGXBxU6LRh5jpRA22D8kFvSYg/getUpdates "HTTP/1.1 200 OK"
2026-07-30 02:59:53,426 - httpx - INFO - HTTP Request: POST https://api.telegram.org/bot8818088088:AAHOtPJYqsMGXBxU6LRh5jpRA22D8kFvSYg/getUpdates "HTTP/1.1 200 OK"
2026-07-30 03:00:03,599 - httpx - INFO - HTTP Request: POST https://api.telegram.org/bot8818088088:AAHOtPJYqsMGXBxU6LRh5jpRA22D8kFvSYg/getUpdates "HTTP/1.1 200 OK"
2026-07-30 03:00:13,798 - httpx - INFO - HTTP Request: POST https://api.telegram.org/bot8818088088:AAHOtPJYqsMGXBxU6LRh5jpRA22D8kFvSYg/getUpdates "HTTP/1.1 200 OK"
2026-07-30 03:00:23,967 - httpx - INFO - HTTP Request: POST https://api.telegram.org/bot8818088088:AAHOtPJYqsMGXBxU6LRh5jpRA22D8kFvSYg/getUpdates "HTTP/1.1 200 OK"
2026-07-30 03:00:34,198 - httpx - INFO - HTTP Request: POST https://api.telegram.org/bot8818088088:AAHOtPJYqsMGXBxU6LRh5jpRA22D8kFvSYg/getUpdates "HTTP/1.1 200 OK"
2026-07-30 03:00:44,371 - httpx - INFO - HTTP Request: POST https://api.telegram.org/bot8818088088:AAHOtPJYqsMGXBxU6LRh5jpRA22D8kFvSYg/getUpdates "HTTP/1.1 200 OK"
2026-07-30 03:00:54,542 - httpx - INFO - HTTP Request: POST https://api.telegram.org/bot8818088088:AAHOtPJYqsMGXBxU6LRh5jpRA22D8kFvSYg/getUpdates "HTTP/1.1 200 OK"
2026-07-30 03:01:04,715 - httpx - INFO - HTTP Request: POST https://api.telegram.org/bot8818088088:AAHOtPJYqsMGXBxU6LRh5jpRA22D8kFvSYg/getUpdates "HTTP/1.1 200 OK"
2026-07-30 03:01:14,897 - httpx - INFO - HTTP Request: POST https://api.telegram.org/bot8818088088:AAHOtPJYqsMGXBxU6LRh5jpRA22D8kFvSYg/getUpdates "HTTP/1.1 200 OK"
2026-07-30 03:01:25,073 - httpx - INFO - HTTP Request: POST https://api.telegram.org/bot8818088088:AAHOtPJYqsMGXBxU6LRh5jpRA22D8kFvSYg/getUpdates "HTTP/1.1 200 OK"
2026-07-30 03:01:35,248 - httpx - INFO - HTTP Request: POST https://api.telegram.org/bot8818088088:AAHOtPJYqsMGXBxU6LRh5jpRA22D8kFvSYg/getUpdates "HTTP/1.1 200 OK"
2026-07-30 03:01:45,463 - httpx - INFO - HTTP Request: POST https://api.telegram.org/bot8818088088:AAHOtPJYqsMGXBxU6LRh5jpRA22D8kFvSYg/getUpdates "HTTP/1.1 200 OK"
